Archive member included because of file (symbol)

c:/ac6/systemworkbench/plugins/fr.ac6.mcu.externaltools.arm-none.win32_1.3.0.201507241045/tools/compiler/bin/../lib/gcc/arm-none-eabi/4.9.3/armv7-m\libgcc.a(_lshrdi3.o)
                              Drivers/STM32F1xx_HAL_Driver/stm32f1xx_hal_flash.o (__aeabi_llsr)
c:/ac6/systemworkbench/plugins/fr.ac6.mcu.externaltools.arm-none.win32_1.3.0.201507241045/tools/compiler/bin/../lib/gcc/arm-none-eabi/4.9.3/../../../../arm-none-eabi/lib/armv7-m\libc_nano.a(lib_a-exit.o)
                              c:/ac6/systemworkbench/plugins/fr.ac6.mcu.externaltools.arm-none.win32_1.3.0.201507241045/tools/compiler/bin/../lib/gcc/arm-none-eabi/4.9.3/../../../../arm-none-eabi/lib/armv7-m/crt0.o (exit)
c:/ac6/systemworkbench/plugins/fr.ac6.mcu.externaltools.arm-none.win32_1.3.0.201507241045/tools/compiler/bin/../lib/gcc/arm-none-eabi/4.9.3/../../../../arm-none-eabi/lib/armv7-m\libc_nano.a(lib_a-impure.o)
                              c:/ac6/systemworkbench/plugins/fr.ac6.mcu.externaltools.arm-none.win32_1.3.0.201507241045/tools/compiler/bin/../lib/gcc/arm-none-eabi/4.9.3/../../../../arm-none-eabi/lib/armv7-m\libc_nano.a(lib_a-exit.o) (_global_impure_ptr)
c:/ac6/systemworkbench/plugins/fr.ac6.mcu.externaltools.arm-none.win32_1.3.0.201507241045/tools/compiler/bin/../lib/gcc/arm-none-eabi/4.9.3/../../../../arm-none-eabi/lib/armv7-m\libc_nano.a(lib_a-init.o)
                              c:/ac6/systemworkbench/plugins/fr.ac6.mcu.externaltools.arm-none.win32_1.3.0.201507241045/tools/compiler/bin/../lib/gcc/arm-none-eabi/4.9.3/../../../../arm-none-eabi/lib/armv7-m/crt0.o (__libc_init_array)
c:/ac6/systemworkbench/plugins/fr.ac6.mcu.externaltools.arm-none.win32_1.3.0.201507241045/tools/compiler/bin/../lib/gcc/arm-none-eabi/4.9.3/../../../../arm-none-eabi/lib/armv7-m\libc_nano.a(lib_a-memset.o)
                              c:/ac6/systemworkbench/plugins/fr.ac6.mcu.externaltools.arm-none.win32_1.3.0.201507241045/tools/compiler/bin/../lib/gcc/arm-none-eabi/4.9.3/../../../../arm-none-eabi/lib/armv7-m/crt0.o (memset)
c:/ac6/systemworkbench/plugins/fr.ac6.mcu.externaltools.arm-none.win32_1.3.0.201507241045/tools/compiler/bin/../lib/gcc/arm-none-eabi/4.9.3/../../../../arm-none-eabi/lib/armv7-m\libnosys.a(_exit.o)
                              c:/ac6/systemworkbench/plugins/fr.ac6.mcu.externaltools.arm-none.win32_1.3.0.201507241045/tools/compiler/bin/../lib/gcc/arm-none-eabi/4.9.3/../../../../arm-none-eabi/lib/armv7-m\libc_nano.a(lib_a-exit.o) (_exit)

Allocating common symbols
Common symbol       size              file

pFlash              0x20              Drivers/STM32F1xx_HAL_Driver/stm32f1xx_hal_flash.o
simvoly             0x20              Application/User/main.o
kod                 0x20              Application/User/main.o
htim1               0x3c              Application/User/tim.o

Discarded input sections

 .text          0x00000000        0x0 c:/ac6/systemworkbench/plugins/fr.ac6.mcu.externaltools.arm-none.win32_1.3.0.201507241045/tools/compiler/bin/../lib/gcc/arm-none-eabi/4.9.3/armv7-m/crti.o
 .data          0x00000000        0x0 c:/ac6/systemworkbench/plugins/fr.ac6.mcu.externaltools.arm-none.win32_1.3.0.201507241045/tools/compiler/bin/../lib/gcc/arm-none-eabi/4.9.3/armv7-m/crti.o
 .bss           0x00000000        0x0 c:/ac6/systemworkbench/plugins/fr.ac6.mcu.externaltools.arm-none.win32_1.3.0.201507241045/tools/compiler/bin/../lib/gcc/arm-none-eabi/4.9.3/armv7-m/crti.o
 .data          0x00000000        0x4 c:/ac6/systemworkbench/plugins/fr.ac6.mcu.externaltools.arm-none.win32_1.3.0.201507241045/tools/compiler/bin/../lib/gcc/arm-none-eabi/4.9.3/armv7-m/crtbegin.o
 .text          0x00000000       0x74 c:/ac6/systemworkbench/plugins/fr.ac6.mcu.externaltools.arm-none.win32_1.3.0.201507241045/tools/compiler/bin/../lib/gcc/arm-none-eabi/4.9.3/../../../../arm-none-eabi/lib/armv7-m/crt0.o
 .data          0x00000000        0x0 c:/ac6/systemworkbench/plugins/fr.ac6.mcu.externaltools.arm-none.win32_1.3.0.201507241045/tools/compiler/bin/../lib/gcc/arm-none-eabi/4.9.3/../../../../arm-none-eabi/lib/armv7-m/crt0.o
 .bss           0x00000000        0x0 c:/ac6/systemworkbench/plugins/fr.ac6.mcu.externaltools.arm-none.win32_1.3.0.201507241045/tools/compiler/bin/../lib/gcc/arm-none-eabi/4.9.3/../../../../arm-none-eabi/lib/armv7-m/crt0.o
 .ARM.extab     0x00000000        0x0 c:/ac6/systemworkbench/plugins/fr.ac6.mcu.externaltools.arm-none.win32_1.3.0.201507241045/tools/compiler/bin/../lib/gcc/arm-none-eabi/4.9.3/../../../../arm-none-eabi/lib/armv7-m/crt0.o
 .ARM.exidx     0x00000000        0x8 c:/ac6/systemworkbench/plugins/fr.ac6.mcu.externaltools.arm-none.win32_1.3.0.201507241045/tools/compiler/bin/../lib/gcc/arm-none-eabi/4.9.3/../../../../arm-none-eabi/lib/armv7-m/crt0.o
 .ARM.attributes
[...]
Memory Configuration

Name             Origin             Length             Attributes
FLASH            0x08000000         0x00020000         xr
RAM              0x20000000         0x00005000         xrw
*default*        0x00000000         0xffffffff

Linker script and memory map

LOAD c:/ac6/systemworkbench/plugins/fr.ac6.mcu.externaltools.arm-none.win32_1.3.0.201507241045/tools/compiler/bin/../lib/gcc/arm-none-eabi/4.9.3/armv7-m/crti.o
LOAD c:/ac6/systemworkbench/plugins/fr.ac6.mcu.externaltools.arm-none.win32_1.3.0.201507241045/tools/compiler/bin/../lib/gcc/arm-none-eabi/4.9.3/armv7-m/crtbegin.o
LOAD c:/ac6/systemworkbench/plugins/fr.ac6.mcu.externaltools.arm-none.win32_1.3.0.201507241045/tools/compiler/bin/../lib/gcc/arm-none-eabi/4.9.3/../../../../arm-none-eabi/lib/armv7-m/crt0.o
LOAD c:/ac6/systemworkbench/plugins/fr.ac6.mcu.externaltools.arm-none.win32_1.3.0.201507241045/tools/compiler/bin/../lib/gcc/arm-none-eabi/4.9.3/../../../../arm-none-eabi/lib/armv7-m\libm.a
LOAD Drivers/STM32F1xx_HAL_Driver/stm32f1xx_hal.o
LOAD Drivers/STM32F1xx_HAL_Driver/stm32f1xx_hal_cortex.o
LOAD Drivers/STM32F1xx_HAL_Driver/stm32f1xx_hal_dma.o
LOAD Drivers/STM32F1xx_HAL_Driver/stm32f1xx_hal_flash.o
LOAD Drivers/STM32F1xx_HAL_Driver/stm32f1xx_hal_flash_ex.o
LOAD Drivers/STM32F1xx_HAL_Driver/stm32f1xx_hal_gpio.o
LOAD Drivers/STM32F1xx_HAL_Driver/stm32f1xx_hal_pwr.o
LOAD Drivers/STM32F1xx_HAL_Driver/stm32f1xx_hal_rcc.o
LOAD Drivers/STM32F1xx_HAL_Driver/stm32f1xx_hal_rcc_ex.o
LOAD Drivers/STM32F1xx_HAL_Driver/stm32f1xx_hal_tim.o
LOAD Drivers/STM32F1xx_HAL_Driver/stm32f1xx_hal_tim_ex.o
LOAD Drivers/CMSIS/system_stm32f1xx.o
LOAD Application/User/gpio.o
LOAD Application/User/main.o
LOAD Application/User/stm32f1xx_hal_msp.o
LOAD Application/User/stm32f1xx_it.o
LOAD Application/User/tim.o
LOAD Application/SW4STM32/startup_stm32f103xb.o
START GROUP
LOAD c:/ac6/systemworkbench/plugins/fr.ac6.mcu.externaltools.arm-none.win32_1.3.0.201507241045/tools/compiler/bin/../lib/gcc/arm-none-eabi/4.9.3/armv7-m\libgcc.a
LOAD c:/ac6/systemworkbench/plugins/fr.ac6.mcu.externaltools.arm-none.win32_1.3.0.201507241045/tools/compiler/bin/../lib/gcc/arm-none-eabi/4.9.3/../../../../arm-none-eabi/lib/armv7-m\libc_nano.a
END GROUP
START GROUP
LOAD c:/ac6/systemworkbench/plugins/fr.ac6.mcu.externaltools.arm-none.win32_1.3.0.201507241045/tools/compiler/bin/../lib/gcc/arm-none-eabi/4.9.3/armv7-m\libgcc.a
LOAD c:/ac6/systemworkbench/plugins/fr.ac6.mcu.externaltools.arm-none.win32_1.3.0.201507241045/tools/compiler/bin/../lib/gcc/arm-none-eabi/4.9.3/../../../../arm-none-eabi/lib/armv7-m\libc_nano.a
LOAD c:/ac6/systemworkbench/plugins/fr.ac6.mcu.externaltools.arm-none.win32_1.3.0.201507241045/tools/compiler/bin/../lib/gcc/arm-none-eabi/4.9.3/../../../../arm-none-eabi/lib/armv7-m\libnosys.a
END GROUP
START GROUP
LOAD c:/ac6/systemworkbench/plugins/fr.ac6.mcu.externaltools.arm-none.win32_1.3.0.201507241045/tools/compiler/bin/../lib/gcc/arm-none-eabi/4.9.3/armv7-m\libgcc.a
LOAD c:/ac6/systemworkbench/plugins/fr.ac6.mcu.externaltools.arm-none.win32_1.3.0.201507241045/tools/compiler/bin/../lib/gcc/arm-none-eabi/4.9.3/../../../../arm-none-eabi/lib/armv7-m\libc_nano.a
LOAD c:/ac6/systemworkbench/plugins/fr.ac6.mcu.externaltools.arm-none.win32_1.3.0.201507241045/tools/compiler/bin/../lib/gcc/arm-none-eabi/4.9.3/../../../../arm-none-eabi/lib/armv7-m\libnosys.a
END GROUP
LOAD c:/ac6/systemworkbench/plugins/fr.ac6.mcu.externaltools.arm-none.win32_1.3.0.201507241045/tools/compiler/bin/../lib/gcc/arm-none-eabi/4.9.3/armv7-m/crtend.o
LOAD c:/ac6/systemworkbench/plugins/fr.ac6.mcu.externaltools.arm-none.win32_1.3.0.201507241045/tools/compiler/bin/../lib/gcc/arm-none-eabi/4.9.3/armv7-m/crtn.o
                0x20005000                _estack = 0x20005000
                0x00000200                _Min_Heap_Size = 0x200
                0x00000400                _Min_Stack_Size = 0x400

.isr_vector     0x08000000      0x10c
                0x08000000                . = ALIGN (0x4)
 *(.isr_vector)
 .isr_vector    0x08000000      0x10c Application/SW4STM32/startup_stm32f103xb.o
                0x08000000                g_pfnVectors
                0x0800010c                . = ALIGN (0x4)

.text           0x0800010c     0x22fc
                0x0800010c                . = ALIGN (0x4)
 *(.text)
 .text          0x0800010c       0x5c c:/ac6/systemworkbench/plugins/fr.ac6.mcu.externaltools.arm-none.win32_1.3.0.201507241045/tools/compiler/bin/../lib/gcc/arm-none-eabi/4.9.3/armv7-m/crtbegin.o
 *(.text*)
 .text.HAL_InitTick
                0x08000168       0x24 Drivers/STM32F1xx_HAL_Driver/stm32f1xx_hal.o
                0x08000168                HAL_InitTick
 .text.HAL_Init
                0x0800018c       0x24 Drivers/STM32F1xx_HAL_Driver/stm32f1xx_hal.o
                0x0800018c                HAL_Init
 .text.HAL_IncTick
                0x080001b0       0x10 Drivers/STM32F1xx_HAL_Driver/stm32f1xx_hal.o
                0x080001b0                HAL_IncTick
 .text.HAL_GetTick
                0x080001c0        0xc Drivers/STM32F1xx_HAL_Driver/stm32f1xx_hal.o
                0x080001c0                HAL_GetTick
 .text.HAL_Delay
                0x080001cc       0x1a Drivers/STM32F1xx_HAL_Driver/stm32f1xx_hal.o
                0x080001cc                HAL_Delay
 *fill*         0x080001e6        0x2 
 .text.HAL_NVIC_SetPriorityGrouping
                0x080001e8       0x38 Drivers/STM32F1xx_HAL_Driver/stm32f1xx_hal_cortex.o
                0x080001e8                HAL_NVIC_SetPriorityGrouping
 .text.HAL_NVIC_SetPriority
                0x08000220       0x84 Drivers/STM32F1xx_HAL_Driver/stm32f1xx_hal_cortex.o
                0x08000220                HAL_NVIC_SetPriority
 .text.HAL_SYSTICK_Config
                0x080002a4       0x2c Drivers/STM32F1xx_HAL_Driver/stm32f1xx_hal_cortex.o
                0x080002a4                HAL_SYSTICK_Config
 .text.HAL_SYSTICK_CLKSourceConfig
                0x080002d0       0x30 Drivers/STM32F1xx_HAL_Driver/stm32f1xx_hal_cortex.o
                0x080002d0                HAL_SYSTICK_CLKSourceConfig
 .text.HAL_SYSTICK_Callback
                0x08000300        0x2 Drivers/STM32F1xx_HAL_Driver/stm32f1xx_hal_cortex.o
                0x08000300                HAL_SYSTICK_Callback
 .text.HAL_SYSTICK_IRQHandler
                0x08000302        0x8 Drivers/STM32F1xx_HAL_Driver/stm32f1xx_hal_cortex.o
                0x08000302                HAL_SYSTICK_IRQHandler
 *fill*         0x0800030a        0x2 
 .text.HAL_GPIO_Init
                0x0800030c      0x28c Drivers/STM32F1xx_HAL_Driver/stm32f1xx_hal_gpio.o
                0x0800030c                HAL_GPIO_Init
 .text.HAL_GPIO_ReadPin
                0x08000598       0x24 Drivers/STM32F1xx_HAL_Driver/stm32f1xx_hal_gpio.o
                0x08000598                HAL_GPIO_ReadPin
 .text.HAL_GPIO_WritePin
                0x080005bc       0x30 Drivers/STM32F1xx_HAL_Driver/stm32f1xx_hal_gpio.o
                0x080005bc                HAL_GPIO_WritePin
 .text.HAL_RCC_OscConfig
                0x080005ec      0x644 Drivers/STM32F1xx_HAL_Driver/stm32f1xx_hal_rcc.o
                0x080005ec                HAL_RCC_OscConfig
 .text.HAL_RCC_ClockConfig
                0x08000c30      0x2e0 Drivers/STM32F1xx_HAL_Driver/stm32f1xx_hal_rcc.o
                0x08000c30                HAL_RCC_ClockConfig
 .text.HAL_RCC_GetSysClockFreq
                0x08000f10       0x90 Drivers/STM32F1xx_HAL_Driver/stm32f1xx_hal_rcc.o
                0x08000f10                HAL_RCC_GetSysClockFreq
 .text.HAL_RCC_GetHCLKFreq
                0x08000fa0       0x34 Drivers/STM32F1xx_HAL_Driver/stm32f1xx_hal_rcc.o
                0x08000fa0                HAL_RCC_GetHCLKFreq
 .text.TIM_OC1_SetConfig
                0x08000fd4       0x94 Drivers/STM32F1xx_HAL_Driver/stm32f1xx_hal_tim.o
 .text.TIM_OC3_SetConfig
                0x08001068       0xa4 Drivers/STM32F1xx_HAL_Driver/stm32f1xx_hal_tim.o
 .text.TIM_OC4_SetConfig
                0x0800110c       0x68 Drivers/STM32F1xx_HAL_Driver/stm32f1xx_hal_tim.o
 .text.HAL_TIM_PWM_MspInit
                0x08001174        0x2 Drivers/STM32F1xx_HAL_Driver/stm32f1xx_hal_tim.o
                0x08001174                HAL_TIM_PWM_MspInit
 *fill*         0x08001176        0x2 
 .text.HAL_TIM_ConfigClockSource
                0x08001178      0x44c Drivers/STM32F1xx_HAL_Driver/stm32f1xx_hal_tim.o
                0x08001178                HAL_TIM_ConfigClockSource
 .text.TIM_Base_SetConfig
                0x080015c4       0x68 Drivers/STM32F1xx_HAL_Driver/stm32f1xx_hal_tim.o
                0x080015c4                TIM_Base_SetConfig
 .text.HAL_TIM_Base_Init
                0x0800162c       0x98 Drivers/STM32F1xx_HAL_Driver/stm32f1xx_hal_tim.o
                0x0800162c                HAL_TIM_Base_Init
 .text.HAL_TIM_PWM_Init
                0x080016c4       0xa0 Drivers/STM32F1xx_HAL_Driver/stm32f1xx_hal_tim.o
                0x080016c4                HAL_TIM_PWM_Init
 .text.TIM_OC2_SetConfig
                0x08001764       0xa8 Drivers/STM32F1xx_HAL_Driver/stm32f1xx_hal_tim.o
                0x08001764                TIM_OC2_SetConfig
 .text.HAL_TIM_PWM_ConfigChannel
                0x0800180c      0x1cc Drivers/STM32F1xx_HAL_Driver/stm32f1xx_hal_tim.o
                0x0800180c                HAL_TIM_PWM_ConfigChannel
 .text.TIM_CCxChannelCmd
                0x080019d8       0x64 Drivers/STM32F1xx_HAL_Driver/stm32f1xx_hal_tim.o
                0x080019d8                TIM_CCxChannelCmd
 .text.HAL_TIM_PWM_Start
                0x08001a3c       0x64 Drivers/STM32F1xx_HAL_Driver/stm32f1xx_hal_tim.o
                0x08001a3c                HAL_TIM_PWM_Start
 .text.HAL_TIMEx_ConfigBreakDeadTime
                0x08001aa0       0xd8 Drivers/STM32F1xx_HAL_Driver/stm32f1xx_hal_tim_ex.o
                0x08001aa0                HAL_TIMEx_ConfigBreakDeadTime
 .text.HAL_TIMEx_MasterConfigSynchronization
                0x08001b78       0x9c Drivers/STM32F1xx_HAL_Driver/stm32f1xx_hal_tim_ex.o
                0x08001b78                HAL_TIMEx_MasterConfigSynchronization
 .text.SystemInit
                0x08001c14       0x4c Drivers/CMSIS/system_stm32f1xx.o
                0x08001c14                SystemInit
 .text.MX_GPIO_Init
                0x08001c60      0x138 Application/User/gpio.o
                0x08001c60                MX_GPIO_Init
 .text.SystemClock_Config
                0x08001d98       0x60 Application/User/main.o
                0x08001d98                SystemClock_Config
 .text.zanulK   0x08001df8       0x18 Application/User/main.o
                0x08001df8                zanulK
 .text.fScanButtons
                0x08001e10      0x138 Application/User/main.o
                0x08001e10                fScanButtons
 .text.startup.main
                0x08001f48      0x2b0 Application/User/main.o
                0x08001f48                main
 .text.assert_failed
                0x080021f8        0x2 Application/User/main.o
                0x080021f8                assert_failed
 *fill*         0x080021fa        0x2 
 .text.HAL_MspInit
                0x080021fc       0x64 Application/User/stm32f1xx_hal_msp.o
                0x080021fc                HAL_MspInit
 .text.NMI_Handler
                0x08002260        0x2 Application/User/stm32f1xx_it.o
                0x08002260                NMI_Handler
 .text.HardFault_Handler
                0x08002262        0x2 Application/User/stm32f1xx_it.o
                0x08002262                HardFault_Handler
 .text.MemManage_Handler
                0x08002264        0x2 Application/User/stm32f1xx_it.o
                0x08002264                MemManage_Handler
 .text.BusFault_Handler
                0x08002266        0x2 Application/User/stm32f1xx_it.o
                0x08002266                BusFault_Handler
 .text.UsageFault_Handler
                0x08002268        0x2 Application/User/stm32f1xx_it.o
                0x08002268                UsageFault_Handler
 .text.DebugMon_Handler
                0x0800226a        0x2 Application/User/stm32f1xx_it.o
                0x0800226a                DebugMon_Handler
 .text.SysTick_Handler
                0x0800226c        0xe Application/User/stm32f1xx_it.o
                0x0800226c                SysTick_Handler
 *fill*         0x0800227a        0x2 
 .text.HAL_TIM_Base_MspInit
                0x0800227c       0x28 Application/User/tim.o
                0x0800227c                HAL_TIM_Base_MspInit
 .text.HAL_TIM_MspPostInit
                0x080022a4       0x2c Application/User/tim.o
                0x080022a4                HAL_TIM_MspPostInit
 .text.MX_TIM1_Init
                0x080022d0       0x88 Application/User/tim.o
                0x080022d0                MX_TIM1_Init
 .text.Reset_Handler
                0x08002358       0x48 Application/SW4STM32/startup_stm32f103xb.o
                0x08002358                Reset_Handler
 .text.Default_Handler
                0x080023a0        0x2 Application/SW4STM32/startup_stm32f103xb.o
                0x080023a0                RTC_Alarm_IRQHandler
                0x080023a0                EXTI2_IRQHandler
                0x080023a0                TIM1_CC_IRQHandler
                0x080023a0                PVD_IRQHandler
                0x080023a0                PendSV_Handler
                0x080023a0                EXTI3_IRQHandler
                0x080023a0                EXTI0_IRQHandler
                0x080023a0                I2C2_EV_IRQHandler
                0x080023a0                ADC1_2_IRQHandler
                0x080023a0                SPI1_IRQHandler
                0x080023a0                TAMPER_IRQHandler
                0x080023a0                DMA1_Channel4_IRQHandler
                0x080023a0                USART3_IRQHandler
                0x080023a0                RTC_IRQHandler
                0x080023a0                DMA1_Channel7_IRQHandler
                0x080023a0                CAN1_RX1_IRQHandler
                0x080023a0                TIM4_IRQHandler
                0x080023a0                I2C1_EV_IRQHandler
                0x080023a0                DMA1_Channel6_IRQHandler
                0x080023a0                TIM3_IRQHandler
                0x080023a0                RCC_IRQHandler
                0x080023a0                TIM1_TRG_COM_IRQHandler
                0x080023a0                DMA1_Channel1_IRQHandler
                0x080023a0                Default_Handler
                0x080023a0                EXTI15_10_IRQHandler
                0x080023a0                EXTI9_5_IRQHandler
                0x080023a0                SPI2_IRQHandler
                0x080023a0                SVC_Handler
                0x080023a0                DMA1_Channel5_IRQHandler
                0x080023a0                EXTI4_IRQHandler
                0x080023a0                USB_LP_CAN1_RX0_IRQHandler
                0x080023a0                USB_HP_CAN1_TX_IRQHandler
                0x080023a0                DMA1_Channel3_IRQHandler
                0x080023a0                TIM1_UP_IRQHandler
                0x080023a0                WWDG_IRQHandler
                0x080023a0                TIM2_IRQHandler
                0x080023a0                TIM1_BRK_IRQHandler
                0x080023a0                EXTI1_IRQHandler
                0x080023a0                USART2_IRQHandler
                0x080023a0                I2C2_ER_IRQHandler
                0x080023a0                DMA1_Channel2_IRQHandler
                0x080023a0                CAN1_SCE_IRQHandler
                0x080023a0                FLASH_IRQHandler
                0x080023a0                USART1_IRQHandler
                0x080023a0                I2C1_ER_IRQHandler
                0x080023a0                USBWakeUp_IRQHandler
 *fill*         0x080023a2        0x2 
 .text.__libc_init_array
                0x080023a4       0x4c c:/ac6/systemworkbench/plugins/fr.ac6.mcu.externaltools.arm-none.win32_1.3.0.201507241045/tools/compiler/bin/../lib/gcc/arm-none-eabi/4.9.3/../../../../arm-none-eabi/lib/armv7-m\libc_nano.a(lib_a-init.o)
                0x080023a4                __libc_init_array
 *(.glue_7)
 .glue_7        0x00000000        0x0 linker stubs
 *(.glue_7t)
 .glue_7t       0x00000000        0x0 linker stubs
 *(.eh_frame)
 .eh_frame      0x080023f0        0x0 c:/ac6/systemworkbench/plugins/fr.ac6.mcu.externaltools.arm-none.win32_1.3.0.201507241045/tools/compiler/bin/../lib/gcc/arm-none-eabi/4.9.3/armv7-m/crtbegin.o
 *(.init)
 .init          0x080023f0        0x4 c:/ac6/systemworkbench/plugins/fr.ac6.mcu.externaltools.arm-none.win32_1.3.0.201507241045/tools/compiler/bin/../lib/gcc/arm-none-eabi/4.9.3/armv7-m/crti.o
                0x080023f0                _init
 .init          0x080023f4        0x8 c:/ac6/systemworkbench/plugins/fr.ac6.mcu.externaltools.arm-none.win32_1.3.0.201507241045/tools/compiler/bin/../lib/gcc/arm-none-eabi/4.9.3/armv7-m/crtn.o
 *(.fini)
 .fini          0x080023fc        0x4 c:/ac6/systemworkbench/plugins/fr.ac6.mcu.externaltools.arm-none.win32_1.3.0.201507241045/tools/compiler/bin/../lib/gcc/arm-none-eabi/4.9.3/armv7-m/crti.o
                0x080023fc                _fini
 .fini          0x08002400        0x8 c:/ac6/systemworkbench/plugins/fr.ac6.mcu.externaltools.arm-none.win32_1.3.0.201507241045/tools/compiler/bin/../lib/gcc/arm-none-eabi/4.9.3/armv7-m/crtn.o
                0x08002408                . = ALIGN (0x4)
                0x08002408                _etext = .

.vfp11_veneer   0x08002408        0x0
 .vfp11_veneer  0x00000000        0x0 linker stubs

.v4_bx          0x08002408        0x0
 .v4_bx         0x00000000        0x0 linker stubs

.iplt           0x08002408        0x0
 .iplt          0x00000000        0x0 c:/ac6/systemworkbench/plugins/fr.ac6.mcu.externaltools.arm-none.win32_1.3.0.201507241045/tools/compiler/bin/../lib/gcc/arm-none-eabi/4.9.3/armv7-m/crtbegin.o

.rodata         0x08002408      0x1bc
                0x08002408                . = ALIGN (0x4)
 *(.rodata)
 .rodata        0x08002408       0x22 Drivers/STM32F1xx_HAL_Driver/stm32f1xx_hal_rcc.o
                0x0800241a                aAPBAHBPrescTable
 *(.rodata*)
 .rodata.str1.1
                0x0800242a       0x53 Drivers/STM32F1xx_HAL_Driver/stm32f1xx_hal_cortex.o
 .rodata.str1.1
                0x0800247d       0x51 Drivers/STM32F1xx_HAL_Driver/stm32f1xx_hal_gpio.o
 .rodata.str1.1
                0x080024ce       0x50 Drivers/STM32F1xx_HAL_Driver/stm32f1xx_hal_rcc.o
 .rodata.str1.1
                0x0800251e       0x50 Drivers/STM32F1xx_HAL_Driver/stm32f1xx_hal_tim.o
 .rodata.str1.1
                0x0800256e       0x53 Drivers/STM32F1xx_HAL_Driver/stm32f1xx_hal_tim_ex.o
                0x080025c4                . = ALIGN (0x4)
 *fill*         0x080025c1        0x3 

.rel.dyn        0x080025c4        0x0
 .rel.iplt      0x00000000        0x0 c:/ac6/systemworkbench/plugins/fr.ac6.mcu.externaltools.arm-none.win32_1.3.0.201507241045/tools/compiler/bin/../lib/gcc/arm-none-eabi/4.9.3/armv7-m/crtbegin.o

.ARM.extab
 *(.ARM.extab* .gnu.linkonce.armextab.*)

.ARM            0x080025c4        0x0
                0x080025c4                __exidx_start = .
 *(.ARM.exidx*)
                0x080025c4                __exidx_end = .

.preinit_array  0x080025c4        0x0
                0x080025c4                PROVIDE (__preinit_array_start, .)
 *(.preinit_array*)
                0x080025c4                PROVIDE (__preinit_array_end, .)

.init_array     0x080025c4        0x4
                0x080025c4                PROVIDE (__init_array_start, .)
 *(SORT(.init_array.*))
 *(.init_array*)
 .init_array    0x080025c4        0x4 c:/ac6/systemworkbench/plugins/fr.ac6.mcu.externaltools.arm-none.win32_1.3.0.201507241045/tools/compiler/bin/../lib/gcc/arm-none-eabi/4.9.3/armv7-m/crtbegin.o
                0x080025c8                PROVIDE (__init_array_end, .)

.fini_array     0x080025c8        0x4
                0x080025c8                PROVIDE (__fini_array_start, .)
 *(SORT(.fini_array.*))
 *(.fini_array*)
 .fini_array    0x080025c8        0x4 c:/ac6/systemworkbench/plugins/fr.ac6.mcu.externaltools.arm-none.win32_1.3.0.201507241045/tools/compiler/bin/../lib/gcc/arm-none-eabi/4.9.3/armv7-m/crtbegin.o
                0x080025cc                PROVIDE (__fini_array_end, .)
                0x080025cc                _sidata = LOADADDR (.data)

.data           0x20000000        0x4 load address 0x080025cc
                0x20000000                . = ALIGN (0x4)
                0x20000000                _sdata = .
 *(.data)
 .data          0x20000000        0x4 Drivers/CMSIS/system_stm32f1xx.o
                0x20000000                SystemCoreClock
 *(.data*)
                0x20000004                . = ALIGN (0x4)
                0x20000004                _edata = .

.jcr            0x20000004        0x0 load address 0x080025d0
 .jcr           0x20000004        0x0 c:/ac6/systemworkbench/plugins/fr.ac6.mcu.externaltools.arm-none.win32_1.3.0.201507241045/tools/compiler/bin/../lib/gcc/arm-none-eabi/4.9.3/armv7-m/crtbegin.o

.igot.plt       0x20000004        0x0 load address 0x080025d0
 .igot.plt      0x00000000        0x0 c:/ac6/systemworkbench/plugins/fr.ac6.mcu.externaltools.arm-none.win32_1.3.0.201507241045/tools/compiler/bin/../lib/gcc/arm-none-eabi/4.9.3/armv7-m/crtbegin.o
                0x20000004                . = ALIGN (0x4)

.bss            0x20000004       0x9c load address 0x080025d0
                0x20000004                _sbss = .
                0x20000004                __bss_start__ = _sbss
 *(.bss)
 .bss           0x20000004       0x1c c:/ac6/systemworkbench/plugins/fr.ac6.mcu.externaltools.arm-none.win32_1.3.0.201507241045/tools/compiler/bin/../lib/gcc/arm-none-eabi/4.9.3/armv7-m/crtbegin.o
 .bss           0x20000020        0x4 Drivers/STM32F1xx_HAL_Driver/stm32f1xx_hal.o
 *(.bss*)
 *(COMMON)
 COMMON         0x20000024       0x40 Application/User/main.o
                0x20000024                simvoly
                0x20000044                kod
 COMMON         0x20000064       0x3c Application/User/tim.o
                0x20000064                htim1
                0x200000a0                . = ALIGN (0x4)
                0x200000a0                _ebss = .
                0x200000a0                __bss_end__ = _ebss

._user_heap_stack
                0x200000a0      0x600 load address 0x080025d0
                0x200000a0                . = ALIGN (0x8)
                0x200000a0                PROVIDE (end, .)
                0x200000a0                PROVIDE (_end, .)
                0x200002a0                . = (. + _Min_Heap_Size)
 *fill*         0x200000a0      0x200 
                0x200006a0                . = (. + _Min_Stack_Size)
 *fill*         0x200002a0      0x400 
                0x200006a0                . = ALIGN (0x8)

/DISCARD/
 libc.a(*)
 libm.a(*)
 libgcc.a(*)

.ARM.attributes
                0x00000000       0x29
 *(.ARM.attributes)
 .ARM.attributes
                0x00000000       0x1d c:/ac6/systemworkbench/plugins/fr.ac6.mcu.externaltools.arm-none.win32_1.3.0.201507241045/tools/compiler/bin/../lib/gcc/arm-none-eabi/4.9.3/armv7-m/crti.o
 .ARM.attributes
                0x0000001d       0x2d c:/ac6/systemworkbench/plugins/fr.ac6.mcu.externaltools.arm-none.win32_1.3.0.201507241045/tools/compiler/bin/../lib/gcc/arm-none-eabi/4.9.3/armv7-m/crtbegin.o
 .ARM.attributes
                0x0000004a       0x33 Drivers/STM32F1xx_HAL_Driver/stm32f1xx_hal.o
 .ARM.attributes
                0x0000007d       0x33 Drivers/STM32F1xx_HAL_Driver/stm32f1xx_hal_cortex.o
 .ARM.attributes
                0x000000b0       0x33 Drivers/STM32F1xx_HAL_Driver/stm32f1xx_hal_gpio.o
 .ARM.attributes
                0x000000e3       0x33 Drivers/STM32F1xx_HAL_Driver/stm32f1xx_hal_rcc.o
 .ARM.attributes
                0x00000116       0x33 Drivers/STM32F1xx_HAL_Driver/stm32f1xx_hal_tim.o
 .ARM.attributes
                0x00000149       0x33 Drivers/STM32F1xx_HAL_Driver/stm32f1xx_hal_tim_ex.o
 .ARM.attributes
                0x0000017c       0x33 Drivers/CMSIS/system_stm32f1xx.o
 .ARM.attributes
                0x000001af       0x33 Application/User/gpio.o
 .ARM.attributes
                0x000001e2       0x33 Application/User/main.o
 .ARM.attributes
                0x00000215       0x33 Application/User/stm32f1xx_hal_msp.o
 .ARM.attributes
                0x00000248       0x33 Application/User/stm32f1xx_it.o
 .ARM.attributes
                0x0000027b       0x33 Application/User/tim.o
 .ARM.attributes
                0x000002ae       0x21 Application/SW4STM32/startup_stm32f103xb.o
 .ARM.attributes
                0x000002cf       0x2d c:/ac6/systemworkbench/plugins/fr.ac6.mcu.externaltools.arm-none.win32_1.3.0.201507241045/tools/compiler/bin/../lib/gcc/arm-none-eabi/4.9.3/../../../../arm-none-eabi/lib/armv7-m\libc_nano.a(lib_a-init.o)
 .ARM.attributes
                0x000002fc       0x1d c:/ac6/systemworkbench/plugins/fr.ac6.mcu.externaltools.arm-none.win32_1.3.0.201507241045/tools/compiler/bin/../lib/gcc/arm-none-eabi/4.9.3/armv7-m/crtn.o
OUTPUT(Kodoviy_zamok.elf elf32-littlearm)

.debug_info     0x00000000     0xb888
 .debug_info    0x00000000      0x6b4 Drivers/STM32F1xx_HAL_Driver/stm32f1xx_hal.o
 .debug_info    0x000006b4      0xcef Drivers/STM32F1xx_HAL_Driver/stm32f1xx_hal_cortex.o
 .debug_info    0x000013a3      0x81a Drivers/STM32F1xx_HAL_Driver/stm32f1xx_hal_gpio.o
 .debug_info    0x00001bbd     0x17fa Drivers/STM32F1xx_HAL_Driver/stm32f1xx_hal_rcc.o
 .debug_info    0x000033b7     0x43f6 Drivers/STM32F1xx_HAL_Driver/stm32f1xx_hal_tim.o
 .debug_info    0x000077ad     0x17bf Drivers/STM32F1xx_HAL_Driver/stm32f1xx_hal_tim_ex.o
 .debug_info    0x00008f6c      0x3a0 Drivers/CMSIS/system_stm32f1xx.o
 .debug_info    0x0000930c      0x4a1 Application/User/gpio.o
 .debug_info    0x000097ad     0x10d0 Application/User/main.o
 .debug_info    0x0000a87d      0x3a0 Application/User/stm32f1xx_hal_msp.o
 .debug_info    0x0000ac1d      0x143 Application/User/stm32f1xx_it.o
 .debug_info    0x0000ad60      0xa64 Application/User/tim.o
 .debug_info    0x0000b7c4       0xc4 Application/SW4STM32/startup_stm32f103xb.o

.debug_abbrev   0x00000000     0x18de
 .debug_abbrev  0x00000000      0x258 Drivers/STM32F1xx_HAL_Driver/stm32f1xx_hal.o
 .debug_abbrev  0x00000258      0x2ee Drivers/STM32F1xx_HAL_Driver/stm32f1xx_hal_cortex.o
 .debug_abbrev  0x00000546      0x209 Drivers/STM32F1xx_HAL_Driver/stm32f1xx_hal_gpio.o
 .debug_abbrev  0x0000074f      0x32c Drivers/STM32F1xx_HAL_Driver/stm32f1xx_hal_rcc.o
 .debug_abbrev  0x00000a7b      0x2d9 Drivers/STM32F1xx_HAL_Driver/stm32f1xx_hal_tim.o
 .debug_abbrev  0x00000d54      0x22c Drivers/STM32F1xx_HAL_Driver/stm32f1xx_hal_tim_ex.o
 .debug_abbrev  0x00000f80      0x123 Drivers/CMSIS/system_stm32f1xx.o
 .debug_abbrev  0x000010a3      0x167 Application/User/gpio.o
 .debug_abbrev  0x0000120a      0x2cf Application/User/main.o
 .debug_abbrev  0x000014d9      0x121 Application/User/stm32f1xx_hal_msp.o
 .debug_abbrev  0x000015fa       0xae Application/User/stm32f1xx_it.o
 .debug_abbrev  0x000016a8      0x224 Application/User/tim.o
 .debug_abbrev  0x000018cc       0x12 Application/SW4STM32/startup_stm32f103xb.o

.debug_loc      0x00000000     0x52cb
 .debug_loc     0x00000000       0x6f Drivers/STM32F1xx_HAL_Driver/stm32f1xx_hal.o
 .debug_loc     0x0000006f      0x44c Drivers/STM32F1xx_HAL_Driver/stm32f1xx_hal_cortex.o
 .debug_loc     0x000004bb      0x4be Drivers/STM32F1xx_HAL_Driver/stm32f1xx_hal_gpio.o
 .debug_loc     0x00000979      0xc19 Drivers/STM32F1xx_HAL_Driver/stm32f1xx_hal_rcc.o
 .debug_loc     0x00001592     0x2fb9 Drivers/STM32F1xx_HAL_Driver/stm32f1xx_hal_tim.o
 .debug_loc     0x0000454b      0xb8b Drivers/STM32F1xx_HAL_Driver/stm32f1xx_hal_tim_ex.o
 .debug_loc     0x000050d6       0xab Drivers/CMSIS/system_stm32f1xx.o
 .debug_loc     0x00005181      0x108 Application/User/main.o
 .debug_loc     0x00005289       0x42 Application/User/tim.o

.debug_aranges  0x00000000      0x7e8
 .debug_aranges
                0x00000000       0xb0 Drivers/STM32F1xx_HAL_Driver/stm32f1xx_hal.o
 .debug_aranges
                0x000000b0       0x90 Drivers/STM32F1xx_HAL_Driver/stm32f1xx_hal_cortex.o
 .debug_aranges
                0x00000140       0x58 Drivers/STM32F1xx_HAL_Driver/stm32f1xx_hal_gpio.o
 .debug_aranges
                0x00000198       0x88 Drivers/STM32F1xx_HAL_Driver/stm32f1xx_hal_rcc.o
 .debug_aranges
                0x00000220      0x330 Drivers/STM32F1xx_HAL_Driver/stm32f1xx_hal_tim.o
 .debug_aranges
                0x00000550      0x138 Drivers/STM32F1xx_HAL_Driver/stm32f1xx_hal_tim_ex.o
 .debug_aranges
                0x00000688       0x28 Drivers/CMSIS/system_stm32f1xx.o
 .debug_aranges
                0x000006b0       0x20 Application/User/gpio.o
 .debug_aranges
                0x000006d0       0x48 Application/User/main.o
 .debug_aranges
                0x00000718       0x20 Application/User/stm32f1xx_hal_msp.o
 .debug_aranges
                0x00000738       0x50 Application/User/stm32f1xx_it.o
 .debug_aranges
                0x00000788       0x38 Application/User/tim.o
 .debug_aranges
                0x000007c0       0x28 Application/SW4STM32/startup_stm32f103xb.o

.debug_ranges   0x00000000      0x9e8
 .debug_ranges  0x00000000       0xa0 Drivers/STM32F1xx_HAL_Driver/stm32f1xx_hal.o
 .debug_ranges  0x000000a0      0x118 Drivers/STM32F1xx_HAL_Driver/stm32f1xx_hal_cortex.o
 .debug_ranges  0x000001b8       0x70 Drivers/STM32F1xx_HAL_Driver/stm32f1xx_hal_gpio.o
 .debug_ranges  0x00000228      0x128 Drivers/STM32F1xx_HAL_Driver/stm32f1xx_hal_rcc.o
 .debug_ranges  0x00000350      0x3b8 Drivers/STM32F1xx_HAL_Driver/stm32f1xx_hal_tim.o
 .debug_ranges  0x00000708      0x128 Drivers/STM32F1xx_HAL_Driver/stm32f1xx_hal_tim_ex.o
 .debug_ranges  0x00000830       0x18 Drivers/CMSIS/system_stm32f1xx.o
 .debug_ranges  0x00000848       0x98 Application/User/gpio.o
 .debug_ranges  0x000008e0       0x50 Application/User/main.o
 .debug_ranges  0x00000930       0x30 Application/User/stm32f1xx_hal_msp.o
 .debug_ranges  0x00000960       0x40 Application/User/stm32f1xx_it.o
 .debug_ranges  0x000009a0       0x28 Application/User/tim.o
 .debug_ranges  0x000009c8       0x20 Application/SW4STM32/startup_stm32f103xb.o

.debug_macro    0x00000000     0xf873
 .debug_macro   0x00000000      0x274 Drivers/STM32F1xx_HAL_Driver/stm32f1xx_hal.o
 .debug_macro   0x00000274      0x874 Drivers/STM32F1xx_HAL_Driver/stm32f1xx_hal.o
 .debug_macro   0x00000ae8       0x64 Drivers/STM32F1xx_HAL_Driver/stm32f1xx_hal.o
 .debug_macro   0x00000b4c      0x193 Drivers/STM32F1xx_HAL_Driver/stm32f1xx_hal.o
 .debug_macro   0x00000cdf       0x2e Drivers/STM32F1xx_HAL_Driver/stm32f1xx_hal.o
 .debug_macro   0x00000d0d       0x22 Drivers/STM32F1xx_HAL_Driver/stm32f1xx_hal.o
 .debug_macro   0x00000d2f       0x22 Drivers/STM32F1xx_HAL_Driver/stm32f1xx_hal.o
 .debug_macro   0x00000d51       0x44 Drivers/STM32F1xx_HAL_Driver/stm32f1xx_hal.o
 .debug_macro   0x00000d95       0x1c Drivers/STM32F1xx_HAL_Driver/stm32f1xx_hal.o
 .debug_macro   0x00000db1      0x1f7 Drivers/STM32F1xx_HAL_Driver/stm32f1xx_hal.o
 .debug_macro   0x00000fa8       0x34 Drivers/STM32F1xx_HAL_Driver/stm32f1xx_hal.o
 .debug_macro   0x00000fdc       0x34 Drivers/STM32F1xx_HAL_Driver/stm32f1xx_hal.o
 .debug_macro   0x00001010      0xb8e Drivers/STM32F1xx_HAL_Driver/stm32f1xx_hal.o
 .debug_macro   0x00001b9e     0x69eb Drivers/STM32F1xx_HAL_Driver/stm32f1xx_hal.o
 .debug_macro   0x00008589       0x43 Drivers/STM32F1xx_HAL_Driver/stm32f1xx_hal.o
 .debug_macro   0x000085cc     0x31c3 Drivers/STM32F1xx_HAL_Driver/stm32f1xx_hal.o
 .debug_macro   0x0000b78f       0x58 Drivers/STM32F1xx_HAL_Driver/stm32f1xx_hal.o
 .debug_macro   0x0000b7e7       0x35 Drivers/STM32F1xx_HAL_Driver/stm32f1xx_hal.o
 .debug_macro   0x0000b81c       0x9c Drivers/STM32F1xx_HAL_Driver/stm32f1xx_hal.o
 .debug_macro   0x0000b8b8       0x16 Drivers/STM32F1xx_HAL_Driver/stm32f1xx_hal.o
 .debug_macro   0x0000b8ce       0x97 Drivers/STM32F1xx_HAL_Driver/stm32f1xx_hal.o
 .debug_macro   0x0000b965      0x29d Drivers/STM32F1xx_HAL_Driver/stm32f1xx_hal.o
 .debug_macro   0x0000bc02       0xef Drivers/STM32F1xx_HAL_Driver/stm32f1xx_hal.o
 .debug_macro   0x0000bcf1       0x10 Drivers/STM32F1xx_HAL_Driver/stm32f1xx_hal.o
 .debug_macro   0x0000bd01       0x52 Drivers/STM32F1xx_HAL_Driver/stm32f1xx_hal.o
 .debug_macro   0x0000bd53       0x16 Drivers/STM32F1xx_HAL_Driver/stm32f1xx_hal.o
 .debug_macro   0x0000bd69       0x43 Drivers/STM32F1xx_HAL_Driver/stm32f1xx_hal.o
 .debug_macro   0x0000bdac      0x180 Drivers/STM32F1xx_HAL_Driver/stm32f1xx_hal.o
 .debug_macro   0x0000bf2c       0x10 Drivers/STM32F1xx_HAL_Driver/stm32f1xx_hal.o
 .debug_macro   0x0000bf3c       0x22 Drivers/STM32F1xx_HAL_Driver/stm32f1xx_hal.o
 .debug_macro   0x0000bf5e       0xbd Drivers/STM32F1xx_HAL_Driver/stm32f1xx_hal.o
 .debug_macro   0x0000c01b       0x16 Drivers/STM32F1xx_HAL_Driver/stm32f1xx_hal.o
 .debug_macro   0x0000c031      0x196 Drivers/STM32F1xx_HAL_Driver/stm32f1xx_hal.o
 .debug_macro   0x0000c1c7       0x50 Drivers/STM32F1xx_HAL_Driver/stm32f1xx_hal.o
 .debug_macro   0x0000c217      0x77f Drivers/STM32F1xx_HAL_Driver/stm32f1xx_hal.o
 .debug_macro   0x0000c996      0x28b Drivers/STM32F1xx_HAL_Driver/stm32f1xx_hal.o
 .debug_macro   0x0000cc21      0x141 Drivers/STM32F1xx_HAL_Driver/stm32f1xx_hal.o
 .debug_macro   0x0000cd62      0x197 Drivers/STM32F1xx_HAL_Driver/stm32f1xx_hal.o
 .debug_macro   0x0000cef9      0x1a7 Drivers/STM32F1xx_HAL_Driver/stm32f1xx_hal.o
 .debug_macro   0x0000d0a0       0x2d Drivers/STM32F1xx_HAL_Driver/stm32f1xx_hal.o
 .debug_macro   0x0000d0cd       0x3c Drivers/STM32F1xx_HAL_Driver/stm32f1xx_hal.o
 .debug_macro   0x0000d109       0x57 Drivers/STM32F1xx_HAL_Driver/stm32f1xx_hal.o
 .debug_macro   0x0000d160       0x8c Drivers/STM32F1xx_HAL_Driver/stm32f1xx_hal.o
 .debug_macro   0x0000d1ec      0x242 Drivers/STM32F1xx_HAL_Driver/stm32f1xx_hal.o
 .debug_macro   0x0000d42e      0x143 Drivers/STM32F1xx_HAL_Driver/stm32f1xx_hal.o
 .debug_macro   0x0000d571      0x83e Drivers/STM32F1xx_HAL_Driver/stm32f1xx_hal.o
 .debug_macro   0x0000ddaf       0x11 Drivers/STM32F1xx_HAL_Driver/stm32f1xx_hal.o
 .debug_macro   0x0000ddc0       0x7c Drivers/STM32F1xx_HAL_Driver/stm32f1xx_hal.o
 .debug_macro   0x0000de3c      0x250 Drivers/STM32F1xx_HAL_Driver/stm32f1xx_hal_cortex.o
 .debug_macro   0x0000e08c      0x2c0 Drivers/STM32F1xx_HAL_Driver/stm32f1xx_hal_gpio.o
 .debug_macro   0x0000e34c      0x262 Drivers/STM32F1xx_HAL_Driver/stm32f1xx_hal_rcc.o
 .debug_macro   0x0000e5ae      0x251 Drivers/STM32F1xx_HAL_Driver/stm32f1xx_hal_tim.o
 .debug_macro   0x0000e7ff      0x250 Drivers/STM32F1xx_HAL_Driver/stm32f1xx_hal_tim_ex.o
 .debug_macro   0x0000ea4f      0x256 Drivers/CMSIS/system_stm32f1xx.o
 .debug_macro   0x0000eca5      0x25a Application/User/gpio.o
 .debug_macro   0x0000eeff      0x270 Application/User/main.o
 .debug_macro   0x0000f16f      0x250 Application/User/stm32f1xx_hal_msp.o
 .debug_macro   0x0000f3bf      0x25a Application/User/stm32f1xx_it.o
 .debug_macro   0x0000f619      0x25a Application/User/tim.o

.debug_line     0x00000000     0x81da
 .debug_line    0x00000000      0x7a9 Drivers/STM32F1xx_HAL_Driver/stm32f1xx_hal.o
 .debug_line    0x000007a9      0x847 Drivers/STM32F1xx_HAL_Driver/stm32f1xx_hal_cortex.o
 .debug_line    0x00000ff0      0x8c5 Drivers/STM32F1xx_HAL_Driver/stm32f1xx_hal_gpio.o
 .debug_line    0x000018b5      0xca5 Drivers/STM32F1xx_HAL_Driver/stm32f1xx_hal_rcc.o
 .debug_line    0x0000255a     0x242e Drivers/STM32F1xx_HAL_Driver/stm32f1xx_hal_tim.o
 .debug_line    0x00004988      0xf48 Drivers/STM32F1xx_HAL_Driver/stm32f1xx_hal_tim_ex.o
 .debug_line    0x000058d0      0x68f Drivers/CMSIS/system_stm32f1xx.o
 .debug_line    0x00005f5f      0x68a Application/User/gpio.o
 .debug_line    0x000065e9      0x7a0 Application/User/main.o
 .debug_line    0x00006d89      0x63b Application/User/stm32f1xx_hal_msp.o
 .debug_line    0x000073c4      0x6b8 Application/User/stm32f1xx_it.o
 .debug_line    0x00007a7c      0x69a Application/User/tim.o
 .debug_line    0x00008116       0xc4 Application/SW4STM32/startup_stm32f103xb.o

.debug_str      0x00000000    0x5c970
 .debug_str     0x00000000    0x5a689 Drivers/STM32F1xx_HAL_Driver/stm32f1xx_hal.o
                              0x5aaf3 (size before relaxing)
 .debug_str     0x0005a689      0x2eb Drivers/STM32F1xx_HAL_Driver/stm32f1xx_hal_cortex.o
                              0x5aaf5 (size before relaxing)
 .debug_str     0x0005a974      0x478 Drivers/STM32F1xx_HAL_Driver/stm32f1xx_hal_gpio.o
                              0x5a8ec (size before relaxing)
 .debug_str     0x0005adec      0x357 Drivers/STM32F1xx_HAL_Driver/stm32f1xx_hal_rcc.o
                              0x5a8a2 (size before relaxing)
 .debug_str     0x0005b143     0x1063 Drivers/STM32F1xx_HAL_Driver/stm32f1xx_hal_tim.o
                              0x5b56d (size before relaxing)
 .debug_str     0x0005c1a6      0x4e8 Drivers/STM32F1xx_HAL_Driver/stm32f1xx_hal_tim_ex.o
                              0x5ae07 (size before relaxing)
 .debug_str     0x0005c68e       0xa8 Drivers/CMSIS/system_stm32f1xx.o
                              0x5a51e (size before relaxing)
 .debug_str     0x0005c736       0x4d Application/User/gpio.o
                              0x5a4fa (size before relaxing)
 .debug_str     0x0005c783       0xb8 Application/User/main.o
                              0x5ad67 (size before relaxing)
 .debug_str     0x0005c83b       0x33 Application/User/stm32f1xx_hal_msp.o
                              0x5a739 (size before relaxing)
 .debug_str     0x0005c86e       0xb5 Application/User/stm32f1xx_it.o
                              0x5a467 (size before relaxing)
 .debug_str     0x0005c923       0x4d Application/User/tim.o
                              0x5aade (size before relaxing)

.comment        0x00000000       0x70
 .comment       0x00000000       0x70 Drivers/STM32F1xx_HAL_Driver/stm32f1xx_hal.o
                                 0x71 (size before relaxing)
 .comment       0x00000000       0x71 Drivers/STM32F1xx_HAL_Driver/stm32f1xx_hal_cortex.o
 .comment       0x00000000       0x71 Drivers/STM32F1xx_HAL_Driver/stm32f1xx_hal_gpio.o
 .comment       0x00000000       0x71 Drivers/STM32F1xx_HAL_Driver/stm32f1xx_hal_rcc.o
 .comment       0x00000000       0x71 Drivers/STM32F1xx_HAL_Driver/stm32f1xx_hal_tim.o
 .comment       0x00000000       0x71 Drivers/STM32F1xx_HAL_Driver/stm32f1xx_hal_tim_ex.o
 .comment       0x00000000       0x71 Drivers/CMSIS/system_stm32f1xx.o
 .comment       0x00000000       0x71 Application/User/gpio.o
 .comment       0x00000000       0x71 Application/User/main.o
 .comment       0x00000000       0x71 Application/User/stm32f1xx_hal_msp.o
 .comment       0x00000000       0x71 Application/User/stm32f1xx_it.o
 .comment       0x00000000       0x71 Application/User/tim.o

.debug_frame    0x00000000     0x14c4
 .debug_frame   0x00000000      0x164 Drivers/STM32F1xx_HAL_Driver/stm32f1xx_hal.o
 .debug_frame   0x00000164      0x144 Drivers/STM32F1xx_HAL_Driver/stm32f1xx_hal_cortex.o
 .debug_frame   0x000002a8       0xf0 Drivers/STM32F1xx_HAL_Driver/stm32f1xx_hal_gpio.o
 .debug_frame   0x00000398      0x174 Drivers/STM32F1xx_HAL_Driver/stm32f1xx_hal_rcc.o
 .debug_frame   0x0000050c      0x9a0 Drivers/STM32F1xx_HAL_Driver/stm32f1xx_hal_tim.o
 .debug_frame   0x00000eac      0x3c0 Drivers/STM32F1xx_HAL_Driver/stm32f1xx_hal_tim_ex.o
 .debug_frame   0x0000126c       0x30 Drivers/CMSIS/system_stm32f1xx.o
 .debug_frame   0x0000129c       0x3c Application/User/gpio.o
 .debug_frame   0x000012d8       0x9c Application/User/main.o
 .debug_frame   0x00001374       0x28 Application/User/stm32f1xx_hal_msp.o
 .debug_frame   0x0000139c       0x8c Application/User/stm32f1xx_it.o
 .debug_frame   0x00001428       0x70 Application/User/tim.o
 .debug_frame   0x00001498       0x2c c:/ac6/systemworkbench/plugins/fr.ac6.mcu.externaltools.arm-none.win32_1.3.0.201507241045/tools/compiler/bin/../lib/gcc/arm-none-eabi/4.9.3/../../../../arm-none-eabi/lib/armv7-m\libc_nano.a(lib_a-init.o)
